nohup: ignoring input

> server@1.0.0 dev
> nodemon --watch . --exec ts-node index.ts

[33m[nodemon] 3.1.4[39m
[33m[nodemon] to restart at any time, enter `rs`[39m
[33m[nodemon] watching path(s): *.*[39m
[33m[nodemon] watching extensions: ts,json[39m
[32m[nodemon] starting `ts-node index.ts`[39m
node:events:502
      throw er; // Unhandled 'error' event
      ^

Error: EBADF: bad file descriptor, read
Emitted 'error' event on ReadStream instance at:
    at emitErrorNT (node:internal/streams/destroy:169:8)
    at errorOrDestroy (node:internal/streams/destroy:238:7)
    at node:internal/fs/streams:272:9
    at FSReqCallback.wrapper [as oncomplete] (node:fs:683:5) {
  errno: -9,
  code: 'EBADF',
  syscall: 'read'
}

Node.js v20.19.3
Server is running at http://0.0.0.0:3000
cookies: { userId: '1' }
userId: 1
{
  id: 1,
  googleId: '112905671068495748138',
  email: 'belendorrr@gmail.com',
  name: 'man tau',
  picture: 'https://lh3.googleusercontent.com/a/ACg8ocIHrTiGdcSju9MTNwfHnHVuuBxcoyUwTrOXav_sAqaU5hAYog=s96-c',
  createdAt: 2026-05-11T02:32:19.841Z,
  updatedAt: 2026-07-30T12:43:51.774Z
}
cookies: { userId: '1' }
userId: 1
{
  id: 1,
  googleId: '112905671068495748138',
  email: 'belendorrr@gmail.com',
  name: 'man tau',
  picture: 'https://lh3.googleusercontent.com/a/ACg8ocIHrTiGdcSju9MTNwfHnHVuuBxcoyUwTrOXav_sAqaU5hAYog=s96-c',
  createdAt: 2026-05-11T02:32:19.841Z,
  updatedAt: 2026-07-30T12:43:51.774Z
}
cookies: { userId: '1' }
userId: 1
{
  id: 1,
  googleId: '112905671068495748138',
  email: 'belendorrr@gmail.com',
  name: 'man tau',
  picture: 'https://lh3.googleusercontent.com/a/ACg8ocIHrTiGdcSju9MTNwfHnHVuuBxcoyUwTrOXav_sAqaU5hAYog=s96-c',
  createdAt: 2026-05-11T02:32:19.841Z,
  updatedAt: 2026-07-30T12:43:51.774Z
}
cookies: { userId: '1' }
userId: 1
{
  id: 1,
  googleId: '112905671068495748138',
  email: 'belendorrr@gmail.com',
  name: 'man tau',
  picture: 'https://lh3.googleusercontent.com/a/ACg8ocIHrTiGdcSju9MTNwfHnHVuuBxcoyUwTrOXav_sAqaU5hAYog=s96-c',
  createdAt: 2026-05-11T02:32:19.841Z,
  updatedAt: 2026-07-30T12:43:51.774Z
}
cookies: { userId: '1' }
userId: 1
{
  id: 1,
  googleId: '112905671068495748138',
  email: 'belendorrr@gmail.com',
  name: 'man tau',
  picture: 'https://lh3.googleusercontent.com/a/ACg8ocIHrTiGdcSju9MTNwfHnHVuuBxcoyUwTrOXav_sAqaU5hAYog=s96-c',
  createdAt: 2026-05-11T02:32:19.841Z,
  updatedAt: 2026-07-30T12:43:51.774Z
}
cookies: { userId: '1' }
userId: 1
{
  id: 1,
  googleId: '112905671068495748138',
  email: 'belendorrr@gmail.com',
  name: 'man tau',
  picture: 'https://lh3.googleusercontent.com/a/ACg8ocIHrTiGdcSju9MTNwfHnHVuuBxcoyUwTrOXav_sAqaU5hAYog=s96-c',
  createdAt: 2026-05-11T02:32:19.841Z,
  updatedAt: 2026-07-30T12:43:51.774Z
}
cookies: { userId: '1' }
userId: 1
{
  id: 1,
  googleId: '112905671068495748138',
  email: 'belendorrr@gmail.com',
  name: 'man tau',
  picture: 'https://lh3.googleusercontent.com/a/ACg8ocIHrTiGdcSju9MTNwfHnHVuuBxcoyUwTrOXav_sAqaU5hAYog=s96-c',
  createdAt: 2026-05-11T02:32:19.841Z,
  updatedAt: 2026-07-30T12:43:51.774Z
}
cookies: { userId: '1' }
userId: 1
{
  id: 1,
  googleId: '112905671068495748138',
  email: 'belendorrr@gmail.com',
  name: 'man tau',
  picture: 'https://lh3.googleusercontent.com/a/ACg8ocIHrTiGdcSju9MTNwfHnHVuuBxcoyUwTrOXav_sAqaU5hAYog=s96-c',
  createdAt: 2026-05-11T02:32:19.841Z,
  updatedAt: 2026-07-30T12:43:51.774Z
}
cookies: { userId: '1' }
userId: 1
{
  id: 1,
  googleId: '112905671068495748138',
  email: 'belendorrr@gmail.com',
  name: 'man tau',
  picture: 'https://lh3.googleusercontent.com/a/ACg8ocIHrTiGdcSju9MTNwfHnHVuuBxcoyUwTrOXav_sAqaU5hAYog=s96-c',
  createdAt: 2026-05-11T02:32:19.841Z,
  updatedAt: 2026-07-30T12:43:51.774Z
}
cookies: { userId: '1' }
userId: 1
{
  id: 1,
  googleId: '112905671068495748138',
  email: 'belendorrr@gmail.com',
  name: 'man tau',
  picture: 'https://lh3.googleusercontent.com/a/ACg8ocIHrTiGdcSju9MTNwfHnHVuuBxcoyUwTrOXav_sAqaU5hAYog=s96-c',
  createdAt: 2026-05-11T02:32:19.841Z,
  updatedAt: 2026-07-30T12:43:51.774Z
}
cookies: { userId: '1' }
userId: 1
{
  id: 1,
  googleId: '112905671068495748138',
  email: 'belendorrr@gmail.com',
  name: 'man tau',
  picture: 'https://lh3.googleusercontent.com/a/ACg8ocIHrTiGdcSju9MTNwfHnHVuuBxcoyUwTrOXav_sAqaU5hAYog=s96-c',
  createdAt: 2026-05-11T02:32:19.841Z,
  updatedAt: 2026-07-30T12:43:51.774Z
}
cookies: { userId: '1' }
userId: 1
{
  id: 1,
  googleId: '112905671068495748138',
  email: 'belendorrr@gmail.com',
  name: 'man tau',
  picture: 'https://lh3.googleusercontent.com/a/ACg8ocIHrTiGdcSju9MTNwfHnHVuuBxcoyUwTrOXav_sAqaU5hAYog=s96-c',
  createdAt: 2026-05-11T02:32:19.841Z,
  updatedAt: 2026-07-30T12:43:51.774Z
}
cookies: { userId: '1' }
userId: 1
{
  id: 1,
  googleId: '112905671068495748138',
  email: 'belendorrr@gmail.com',
  name: 'man tau',
  picture: 'https://lh3.googleusercontent.com/a/ACg8ocIHrTiGdcSju9MTNwfHnHVuuBxcoyUwTrOXav_sAqaU5hAYog=s96-c',
  createdAt: 2026-05-11T02:32:19.841Z,
  updatedAt: 2026-07-30T12:43:51.774Z
}
cookies: { userId: '1' }
userId: 1
{
  id: 1,
  googleId: '112905671068495748138',
  email: 'belendorrr@gmail.com',
  name: 'man tau',
  picture: 'https://lh3.googleusercontent.com/a/ACg8ocIHrTiGdcSju9MTNwfHnHVuuBxcoyUwTrOXav_sAqaU5hAYog=s96-c',
  createdAt: 2026-05-11T02:32:19.841Z,
  updatedAt: 2026-07-30T12:43:51.774Z
}
cookies: { userId: '1' }
userId: 1
{
  id: 1,
  googleId: '112905671068495748138',
  email: 'belendorrr@gmail.com',
  name: 'man tau',
  picture: 'https://lh3.googleusercontent.com/a/ACg8ocIHrTiGdcSju9MTNwfHnHVuuBxcoyUwTrOXav_sAqaU5hAYog=s96-c',
  createdAt: 2026-05-11T02:32:19.841Z,
  updatedAt: 2026-07-30T12:43:51.774Z
}
cookies: { userId: '1' }
userId: 1
{
  id: 1,
  googleId: '112905671068495748138',
  email: 'belendorrr@gmail.com',
  name: 'man tau',
  picture: 'https://lh3.googleusercontent.com/a/ACg8ocIHrTiGdcSju9MTNwfHnHVuuBxcoyUwTrOXav_sAqaU5hAYog=s96-c',
  createdAt: 2026-05-11T02:32:19.841Z,
  updatedAt: 2026-07-30T12:43:51.774Z
}
cookies: {
  g_state: '{"i_l":0,"i_ll":1785410662782,"i_e":{"enable_itp_optimization":24},"i_et":1785410662782}',
  userId: '1'
}
userId: 1
{
  id: 1,
  googleId: '112905671068495748138',
  email: 'belendorrr@gmail.com',
  name: 'man tau',
  picture: 'https://lh3.googleusercontent.com/a/ACg8ocIHrTiGdcSju9MTNwfHnHVuuBxcoyUwTrOXav_sAqaU5hAYog=s96-c',
  createdAt: 2026-05-11T02:32:19.841Z,
  updatedAt: 2026-07-30T12:43:51.774Z
}
cookies: {
  g_state: '{"i_l":0,"i_ll":1785410662782,"i_e":{"enable_itp_optimization":24},"i_et":1785410662782}',
  userId: '1'
}
userId: 1
{
  id: 1,
  googleId: '112905671068495748138',
  email: 'belendorrr@gmail.com',
  name: 'man tau',
  picture: 'https://lh3.googleusercontent.com/a/ACg8ocIHrTiGdcSju9MTNwfHnHVuuBxcoyUwTrOXav_sAqaU5hAYog=s96-c',
  createdAt: 2026-05-11T02:32:19.841Z,
  updatedAt: 2026-07-30T12:43:51.774Z
}
cookies: {
  g_state: '{"i_l":0,"i_ll":1785410662782,"i_e":{"enable_itp_optimization":24},"i_et":1785410662782}',
  userId: '1'
}
userId: 1
{
  id: 1,
  googleId: '112905671068495748138',
  email: 'belendorrr@gmail.com',
  name: 'man tau',
  picture: 'https://lh3.googleusercontent.com/a/ACg8ocIHrTiGdcSju9MTNwfHnHVuuBxcoyUwTrOXav_sAqaU5hAYog=s96-c',
  createdAt: 2026-05-11T02:32:19.841Z,
  updatedAt: 2026-07-30T12:43:51.774Z
}
cookies: {
  g_state: '{"i_l":0,"i_ll":1785410662782,"i_e":{"enable_itp_optimization":24},"i_et":1785410662782}',
  userId: '1'
}
userId: 1
{
  id: 1,
  googleId: '112905671068495748138',
  email: 'belendorrr@gmail.com',
  name: 'man tau',
  picture: 'https://lh3.googleusercontent.com/a/ACg8ocIHrTiGdcSju9MTNwfHnHVuuBxcoyUwTrOXav_sAqaU5hAYog=s96-c',
  createdAt: 2026-05-11T02:32:19.841Z,
  updatedAt: 2026-07-30T12:43:51.774Z
}
cookies: { userId: '1' }
userId: 1
{
  id: 1,
  googleId: '112905671068495748138',
  email: 'belendorrr@gmail.com',
  name: 'man tau',
  picture: 'https://lh3.googleusercontent.com/a/ACg8ocIHrTiGdcSju9MTNwfHnHVuuBxcoyUwTrOXav_sAqaU5hAYog=s96-c',
  createdAt: 2026-05-11T02:32:19.841Z,
  updatedAt: 2026-07-30T12:43:51.774Z
}
cookies: { userId: '1' }
userId: 1
{
  id: 1,
  googleId: '112905671068495748138',
  email: 'belendorrr@gmail.com',
  name: 'man tau',
  picture: 'https://lh3.googleusercontent.com/a/ACg8ocIHrTiGdcSju9MTNwfHnHVuuBxcoyUwTrOXav_sAqaU5hAYog=s96-c',
  createdAt: 2026-05-11T02:32:19.841Z,
  updatedAt: 2026-07-30T12:43:51.774Z
}
cookies: [Object: null prototype] {}
userId: NaN
cookies: [Object: null prototype] {}
userId: NaN
cookies: [Object: null prototype] {}
userId: NaN
cookies: [Object: null prototype] {}
userId: NaN
cookies: [Object: null prototype] {}
userId: NaN
cookies: [Object: null prototype] {}
userId: NaN
cookies: {
  g_state: '{"i_l":0,"i_ll":1785410662782,"i_e":{"enable_itp_optimization":24},"i_et":1785410662782}',
  userId: '1'
}
userId: 1
{
  id: 1,
  googleId: '112905671068495748138',
  email: 'belendorrr@gmail.com',
  name: 'man tau',
  picture: 'https://lh3.googleusercontent.com/a/ACg8ocIHrTiGdcSju9MTNwfHnHVuuBxcoyUwTrOXav_sAqaU5hAYog=s96-c',
  createdAt: 2026-05-11T02:32:19.841Z,
  updatedAt: 2026-07-30T12:43:51.774Z
}
cookies: {
  g_state: '{"i_l":0,"i_ll":1785410662782,"i_e":{"enable_itp_optimization":24},"i_et":1785410662782}',
  userId: '1'
}
userId: 1
{
  id: 1,
  googleId: '112905671068495748138',
  email: 'belendorrr@gmail.com',
  name: 'man tau',
  picture: 'https://lh3.googleusercontent.com/a/ACg8ocIHrTiGdcSju9MTNwfHnHVuuBxcoyUwTrOXav_sAqaU5hAYog=s96-c',
  createdAt: 2026-05-11T02:32:19.841Z,
  updatedAt: 2026-07-30T12:43:51.774Z
}
